2026-03-25T11:33:48: [Orchestrator] Starting email orchestrator (interval: 300s)
2026-03-25T11:33:48: 
[Orchestrator] ═════════════════════════════════════════
2026-03-25T11:33:48: [Orchestrator] Starting cycle at 2026-03-25T10:33:48.151Z
2026-03-25T11:33:48: [Orchestrator] Step 1: Fetching unread emails...
2026-03-25T11:33:48: [EmailListener] Starting poll...
2026-03-25T11:33:49: [EmailListener] Found 1 unread emails
2026-03-25T11:33:50: [EmailListener] Fetch complete
2026-03-25T11:48:52: 
[Orchestrator] Received SIGINT, shutting down...
2026-03-25T11:48:53: [Orchestrator] Starting email orchestrator (interval: 300s)
2026-03-25T11:48:53: 
[Orchestrator] ═════════════════════════════════════════
2026-03-25T11:48:53: [Orchestrator] Starting cycle at 2026-03-25T10:48:53.192Z
2026-03-25T11:48:53: [Orchestrator] Step 1: Fetching unread emails...
2026-03-25T11:48:53: [EmailListener] Starting poll...
2026-03-25T11:48:54: [EmailListener] Found 1 unread emails
2026-03-25T11:48:55: [EmailListener] Fetch complete
2026-03-25T11:53:05: 
[Orchestrator] Received SIGINT, shutting down...
2026-03-25T11:53:05: [Orchestrator] Starting email orchestrator (interval: 300s)
2026-03-25T11:53:05: 
[Orchestrator] ═════════════════════════════════════════
2026-03-25T11:53:05: [Orchestrator] Starting cycle at 2026-03-25T10:53:05.927Z
2026-03-25T11:53:05: [Orchestrator] Step 1: Fetching unread emails...
2026-03-25T11:53:05: [EmailListener] Starting poll...
2026-03-25T11:53:07: [EmailListener] No unread emails
2026-03-25T11:53:07: [EmailListener] Poll complete. Processed 0 emails.
2026-03-25T11:53:07: [Orchestrator] Step 2: Processing pending emails with AI...
2026-03-25T11:53:07: [EmailAI] Processing 0 pending emails...
2026-03-25T11:53:07: [EmailAI] Processing complete
2026-03-25T11:53:07: [Orchestrator] ✅ Cycle complete
2026-03-25T11:53:07: [Orchestrator] ═════════════════════════════════════════

2026-03-25T11:53:07: [Orchestrator] Running. Press Ctrl+C to stop.
2026-03-25T11:58:07: 
[Orchestrator] ═════════════════════════════════════════
2026-03-25T11:58:07: [Orchestrator] Starting cycle at 2026-03-25T10:58:07.745Z
2026-03-25T11:58:07: [Orchestrator] Step 1: Fetching unread emails...
2026-03-25T11:58:07: [EmailListener] Starting poll...
2026-03-25T11:58:09: [EmailListener] Found 1 unread emails
2026-03-25T11:58:09: [EmailListener] Fetch complete — awaiting parsers...
2026-03-25T11:58:09: [EmailListener] Parsed 1 emails, closing connection
2026-03-25T11:58:09: [EmailListener] Saved email cmn5xjvn50000qugbec2whcuw from "Mikael Eriksson" <mikael.eriksson1989@outlook.com>
2026-03-25T11:58:09: [EmailListener] Poll complete. Processed 1 emails.
2026-03-25T11:58:09: [Orchestrator] Step 2: Processing pending emails with AI...
2026-03-25T11:58:09: [EmailAI] Processing 1 pending emails...
2026-03-25T11:58:09: [EmailAI] Generating response for cmn5xjvn50000qugbec2whcuw...
2026-03-25T11:58:09: [Orchestrator] Starting email orchestrator (interval: 300s)
2026-03-25T11:58:09: 
[Orchestrator] ═════════════════════════════════════════
2026-03-25T11:58:09: [Orchestrator] Starting cycle at 2026-03-25T10:58:09.940Z
2026-03-25T11:58:09: [Orchestrator] Step 1: Fetching unread emails...
2026-03-25T11:58:09: [EmailListener] Starting poll...
2026-03-25T11:58:11: [EmailListener] Found 1 unread emails
2026-03-25T11:58:11: [EmailListener] Fetch complete — awaiting parsers...
2026-03-25T11:58:11: [EmailListener] Parsed 1 emails, closing connection
2026-03-25T11:58:12: [Orchestrator] Starting email orchestrator (interval: 300s)
2026-03-25T11:58:12: 
[Orchestrator] ═════════════════════════════════════════
2026-03-25T11:58:12: [Orchestrator] Starting cycle at 2026-03-25T10:58:12.895Z
2026-03-25T11:58:12: [Orchestrator] Step 1: Fetching unread emails...
2026-03-25T11:58:12: [EmailListener] Starting poll...
2026-03-25T11:58:14: [EmailListener] Found 1 unread emails
2026-03-25T11:58:14: [EmailListener] Fetch complete — awaiting parsers...
2026-03-25T11:58:14: [EmailListener] Parsed 1 emails, closing connection
2026-03-25T11:58:15: [Orchestrator] Starting email orchestrator (interval: 300s)
2026-03-25T11:58:15: 
[Orchestrator] ═════════════════════════════════════════
2026-03-25T11:58:15: [Orchestrator] Starting cycle at 2026-03-25T10:58:15.880Z
2026-03-25T11:58:15: [Orchestrator] Step 1: Fetching unread emails...
2026-03-25T11:58:15: [EmailListener] Starting poll...
2026-03-25T11:58:17: [EmailListener] Found 1 unread emails
2026-03-25T11:58:17: [EmailListener] Fetch complete — awaiting parsers...
2026-03-25T11:58:17: [EmailListener] Parsed 1 emails, closing connection
2026-03-25T11:58:18: [Orchestrator] Starting email orchestrator (interval: 300s)
2026-03-25T11:58:18: 
[Orchestrator] ═════════════════════════════════════════
2026-03-25T11:58:18: [Orchestrator] Starting cycle at 2026-03-25T10:58:18.915Z
2026-03-25T11:58:18: [Orchestrator] Step 1: Fetching unread emails...
2026-03-25T11:58:18: [EmailListener] Starting poll...
2026-03-25T11:58:20: [EmailListener] Found 1 unread emails
2026-03-25T11:58:20: [EmailListener] Fetch complete — awaiting parsers...
2026-03-25T11:58:20: [EmailListener] Parsed 1 emails, closing connection
2026-03-25T11:58:21: [Orchestrator] Starting email orchestrator (interval: 300s)
2026-03-25T11:58:21: 
[Orchestrator] ═════════════════════════════════════════
2026-03-25T11:58:21: [Orchestrator] Starting cycle at 2026-03-25T10:58:21.687Z
2026-03-25T11:58:21: [Orchestrator] Step 1: Fetching unread emails...
2026-03-25T11:58:21: [EmailListener] Starting poll...
2026-03-25T11:58:23: [EmailListener] Found 1 unread emails
2026-03-25T11:58:23: [EmailListener] Fetch complete — awaiting parsers...
2026-03-25T11:58:23: [EmailListener] Parsed 1 emails, closing connection
2026-03-25T11:58:24: [Orchestrator] Starting email orchestrator (interval: 300s)
2026-03-25T11:58:24: 
[Orchestrator] ═════════════════════════════════════════
2026-03-25T11:58:24: [Orchestrator] Starting cycle at 2026-03-25T10:58:24.573Z
2026-03-25T11:58:24: [Orchestrator] Step 1: Fetching unread emails...
2026-03-25T11:58:24: [EmailListener] Starting poll...
2026-03-25T11:58:26: [EmailListener] Found 1 unread emails
2026-03-25T11:58:26: [EmailListener] Fetch complete — awaiting parsers...
2026-03-25T11:58:26: [EmailListener] Parsed 1 emails, closing connection
2026-03-25T11:58:27: [Orchestrator] Starting email orchestrator (interval: 300s)
2026-03-25T11:58:27: 
[Orchestrator] ═════════════════════════════════════════
2026-03-25T11:58:27: [Orchestrator] Starting cycle at 2026-03-25T10:58:27.485Z
2026-03-25T11:58:27: [Orchestrator] Step 1: Fetching unread emails...
2026-03-25T11:58:27: [EmailListener] Starting poll...
2026-03-25T11:58:29: [EmailListener] Found 1 unread emails
2026-03-25T11:58:29: [EmailListener] Fetch complete — awaiting parsers...
2026-03-25T11:58:29: [EmailListener] Parsed 1 emails, closing connection
2026-03-25T11:58:30: [Orchestrator] Starting email orchestrator (interval: 300s)
2026-03-25T11:58:30: 
[Orchestrator] ═════════════════════════════════════════
2026-03-25T11:58:30: [Orchestrator] Starting cycle at 2026-03-25T10:58:30.365Z
2026-03-25T11:58:30: [Orchestrator] Step 1: Fetching unread emails...
2026-03-25T11:58:30: [EmailListener] Starting poll...
2026-03-25T11:58:31: [EmailListener] Found 1 unread emails
2026-03-25T11:58:32: [EmailListener] Fetch complete — awaiting parsers...
2026-03-25T11:58:32: [EmailListener] Parsed 1 emails, closing connection
2026-03-25T11:58:33: [Orchestrator] Starting email orchestrator (interval: 300s)
2026-03-25T11:58:33: 
[Orchestrator] ═════════════════════════════════════════
2026-03-25T11:58:33: [Orchestrator] Starting cycle at 2026-03-25T10:58:33.270Z
2026-03-25T11:58:33: [Orchestrator] Step 1: Fetching unread emails...
2026-03-25T11:58:33: [EmailListener] Starting poll...
2026-03-25T11:58:34: [EmailListener] Found 1 unread emails
2026-03-25T11:58:35: [EmailListener] Fetch complete — awaiting parsers...
2026-03-25T11:58:35: [EmailListener] Parsed 1 emails, closing connection
2026-03-25T11:58:36: [Orchestrator] Starting email orchestrator (interval: 300s)
2026-03-25T11:58:36: 
[Orchestrator] ═════════════════════════════════════════
2026-03-25T11:58:36: [Orchestrator] Starting cycle at 2026-03-25T10:58:36.192Z
2026-03-25T11:58:36: [Orchestrator] Step 1: Fetching unread emails...
2026-03-25T11:58:36: [EmailListener] Starting poll...
2026-03-25T11:58:37: [EmailListener] Found 1 unread emails
2026-03-25T11:58:38: [EmailListener] Fetch complete — awaiting parsers...
2026-03-25T11:58:38: [EmailListener] Parsed 1 emails, closing connection
2026-03-25T11:58:39: [Orchestrator] Starting email orchestrator (interval: 300s)
2026-03-25T11:58:39: 
[Orchestrator] ═════════════════════════════════════════
2026-03-25T11:58:39: [Orchestrator] Starting cycle at 2026-03-25T10:58:39.080Z
2026-03-25T11:58:39: [Orchestrator] Step 1: Fetching unread emails...
2026-03-25T11:58:39: [EmailListener] Starting poll...
2026-03-25T11:58:40: [EmailListener] Found 1 unread emails
2026-03-25T11:58:40: [EmailListener] Fetch complete — awaiting parsers...
2026-03-25T11:58:41: [EmailListener] Parsed 1 emails, closing connection
2026-03-25T11:58:41: [Orchestrator] Starting email orchestrator (interval: 300s)
2026-03-25T11:58:41: 
[Orchestrator] ═════════════════════════════════════════
2026-03-25T11:58:41: [Orchestrator] Starting cycle at 2026-03-25T10:58:41.974Z
2026-03-25T11:58:41: [Orchestrator] Step 1: Fetching unread emails...
2026-03-25T11:58:41: [EmailListener] Starting poll...
2026-03-25T11:58:43: [EmailListener] Found 1 unread emails
2026-03-25T11:58:43: [EmailListener] Fetch complete — awaiting parsers...
2026-03-25T11:58:43: [EmailListener] Parsed 1 emails, closing connection
2026-03-25T11:58:44: [Orchestrator] Starting email orchestrator (interval: 300s)
2026-03-25T11:58:44: 
[Orchestrator] ═════════════════════════════════════════
2026-03-25T11:58:44: [Orchestrator] Starting cycle at 2026-03-25T10:58:44.917Z
2026-03-25T11:58:44: [Orchestrator] Step 1: Fetching unread emails...
2026-03-25T11:58:44: [EmailListener] Starting poll...
2026-03-25T11:58:46: [EmailListener] Found 1 unread emails
2026-03-25T11:58:46: [EmailListener] Fetch complete — awaiting parsers...
2026-03-25T11:58:46: [EmailListener] Parsed 1 emails, closing connection
2026-03-25T11:58:47: [Orchestrator] Starting email orchestrator (interval: 300s)
2026-03-25T11:58:47: 
[Orchestrator] ═════════════════════════════════════════
2026-03-25T11:58:47: [Orchestrator] Starting cycle at 2026-03-25T10:58:47.842Z
2026-03-25T11:58:47: [Orchestrator] Step 1: Fetching unread emails...
2026-03-25T11:58:47: [EmailListener] Starting poll...
2026-03-25T11:58:49: [EmailListener] Found 1 unread emails
2026-03-25T11:58:49: [EmailListener] Fetch complete — awaiting parsers...
2026-03-25T11:58:49: [EmailListener] Parsed 1 emails, closing connection
2026-03-25T11:58:50: [Orchestrator] Starting email orchestrator (interval: 300s)
2026-03-25T11:58:50: 
[Orchestrator] ═════════════════════════════════════════
2026-03-25T11:58:50: [Orchestrator] Starting cycle at 2026-03-25T10:58:50.744Z
2026-03-25T11:58:50: [Orchestrator] Step 1: Fetching unread emails...
2026-03-25T11:58:50: [EmailListener] Starting poll...
2026-03-25T11:58:52: [EmailListener] Found 1 unread emails
2026-03-25T11:58:52: [EmailListener] Fetch complete — awaiting parsers...
2026-03-25T11:58:52: [EmailListener] Parsed 1 emails, closing connection
2026-03-25T11:58:53: [Orchestrator] Starting email orchestrator (interval: 300s)
2026-03-25T11:58:53: 
[Orchestrator] ═════════════════════════════════════════
2026-03-25T11:58:53: [Orchestrator] Starting cycle at 2026-03-25T10:58:53.500Z
2026-03-25T11:58:53: [Orchestrator] Step 1: Fetching unread emails...
2026-03-25T11:58:53: [EmailListener] Starting poll...
2026-03-25T11:58:55: [EmailListener] Found 1 unread emails
2026-03-25T11:58:55: [EmailListener] Fetch complete — awaiting parsers...
2026-03-25T11:58:55: [EmailListener] Parsed 1 emails, closing connection
2026-03-25T11:58:56: [Orchestrator] Starting email orchestrator (interval: 300s)
2026-03-25T11:58:56: 
[Orchestrator] ═════════════════════════════════════════
2026-03-25T11:58:56: [Orchestrator] Starting cycle at 2026-03-25T10:58:56.395Z
2026-03-25T11:58:56: [Orchestrator] Step 1: Fetching unread emails...
2026-03-25T11:58:56: [EmailListener] Starting poll...
2026-03-25T11:58:57: [EmailListener] Found 1 unread emails
2026-03-25T11:58:58: [EmailListener] Fetch complete — awaiting parsers...
2026-03-25T11:58:58: [EmailListener] Parsed 1 emails, closing connection
2026-03-25T11:58:59: [Orchestrator] Starting email orchestrator (interval: 300s)
2026-03-25T11:58:59: 
[Orchestrator] ═════════════════════════════════════════
2026-03-25T11:58:59: [Orchestrator] Starting cycle at 2026-03-25T10:58:59.146Z
2026-03-25T11:58:59: [Orchestrator] Step 1: Fetching unread emails...
2026-03-25T11:58:59: [EmailListener] Starting poll...
2026-03-25T11:59:00: [EmailListener] Found 1 unread emails
2026-03-25T11:59:00: [EmailListener] Fetch complete — awaiting parsers...
2026-03-25T11:59:00: [EmailListener] Parsed 1 emails, closing connection
2026-03-25T11:59:02: [Orchestrator] Starting email orchestrator (interval: 300s)
2026-03-25T11:59:02: 
[Orchestrator] ═════════════════════════════════════════
2026-03-25T11:59:02: [Orchestrator] Starting cycle at 2026-03-25T10:59:02.044Z
2026-03-25T11:59:02: [Orchestrator] Step 1: Fetching unread emails...
2026-03-25T11:59:02: [EmailListener] Starting poll...
2026-03-25T11:59:03: [EmailListener] Found 1 unread emails
2026-03-25T11:59:03: [EmailListener] Fetch complete — awaiting parsers...
2026-03-25T11:59:03: [EmailListener] Parsed 1 emails, closing connection
2026-03-25T11:59:04: [Orchestrator] Starting email orchestrator (interval: 300s)
2026-03-25T11:59:04: 
[Orchestrator] ═════════════════════════════════════════
2026-03-25T11:59:04: [Orchestrator] Starting cycle at 2026-03-25T10:59:04.932Z
2026-03-25T11:59:04: [Orchestrator] Step 1: Fetching unread emails...
2026-03-25T11:59:04: [EmailListener] Starting poll...
2026-03-25T11:59:06: [EmailListener] Found 1 unread emails
2026-03-25T11:59:06: [EmailListener] Fetch complete — awaiting parsers...
2026-03-25T11:59:06: [EmailListener] Parsed 1 emails, closing connection
2026-03-25T11:59:07: [Orchestrator] Starting email orchestrator (interval: 300s)
2026-03-25T11:59:07: 
[Orchestrator] ═════════════════════════════════════════
2026-03-25T11:59:07: [Orchestrator] Starting cycle at 2026-03-25T10:59:07.716Z
2026-03-25T11:59:07: [Orchestrator] Step 1: Fetching unread emails...
2026-03-25T11:59:07: [EmailListener] Starting poll...
2026-03-25T11:59:09: [EmailListener] Found 1 unread emails
2026-03-25T11:59:09: [EmailListener] Fetch complete — awaiting parsers...
2026-03-25T11:59:09: [EmailListener] Parsed 1 emails, closing connection
2026-03-25T11:59:10: [Orchestrator] Starting email orchestrator (interval: 300s)
2026-03-25T11:59:10: 
[Orchestrator] ═════════════════════════════════════════
2026-03-25T11:59:10: [Orchestrator] Starting cycle at 2026-03-25T10:59:10.642Z
2026-03-25T11:59:10: [Orchestrator] Step 1: Fetching unread emails...
2026-03-25T11:59:10: [EmailListener] Starting poll...
2026-03-25T11:59:12: [EmailListener] Found 1 unread emails
2026-03-25T11:59:12: [EmailListener] Fetch complete — awaiting parsers...
2026-03-25T11:59:12: [EmailListener] Parsed 1 emails, closing connection
2026-03-25T11:59:13: [Orchestrator] Starting email orchestrator (interval: 300s)
2026-03-25T11:59:13: 
[Orchestrator] ═════════════════════════════════════════
2026-03-25T11:59:13: [Orchestrator] Starting cycle at 2026-03-25T10:59:13.418Z
2026-03-25T11:59:13: [Orchestrator] Step 1: Fetching unread emails...
2026-03-25T11:59:13: [EmailListener] Starting poll...
2026-03-25T11:59:15: [EmailListener] Found 1 unread emails
2026-03-25T11:59:15: [EmailListener] Fetch complete — awaiting parsers...
2026-03-25T11:59:15: [EmailListener] Parsed 1 emails, closing connection
2026-03-25T11:59:16: [Orchestrator] Starting email orchestrator (interval: 300s)
2026-03-25T11:59:16: 
[Orchestrator] ═════════════════════════════════════════
2026-03-25T11:59:16: [Orchestrator] Starting cycle at 2026-03-25T10:59:16.350Z
2026-03-25T11:59:16: [Orchestrator] Step 1: Fetching unread emails...
2026-03-25T11:59:16: [EmailListener] Starting poll...
2026-03-25T11:59:17: [EmailListener] Found 1 unread emails
2026-03-25T11:59:18: [EmailListener] Fetch complete — awaiting parsers...
2026-03-25T11:59:18: [EmailListener] Parsed 1 emails, closing connection
2026-03-25T11:59:19: [Orchestrator] Starting email orchestrator (interval: 300s)
2026-03-25T11:59:19: 
[Orchestrator] ═════════════════════════════════════════
2026-03-25T11:59:19: [Orchestrator] Starting cycle at 2026-03-25T10:59:19.086Z
2026-03-25T11:59:19: [Orchestrator] Step 1: Fetching unread emails...
2026-03-25T11:59:19: [EmailListener] Starting poll...
2026-03-25T11:59:20: [EmailListener] Found 1 unread emails
2026-03-25T11:59:20: [EmailListener] Fetch complete — awaiting parsers...
2026-03-25T11:59:21: [EmailListener] Parsed 1 emails, closing connection
2026-03-25T11:59:21: [Orchestrator] Starting email orchestrator (interval: 300s)
2026-03-25T11:59:21: 
[Orchestrator] ═════════════════════════════════════════
2026-03-25T11:59:21: [Orchestrator] Starting cycle at 2026-03-25T10:59:21.993Z
2026-03-25T11:59:21: [Orchestrator] Step 1: Fetching unread emails...
2026-03-25T11:59:21: [EmailListener] Starting poll...
2026-03-25T11:59:23: [EmailListener] Found 1 unread emails
2026-03-25T11:59:23: [EmailListener] Fetch complete — awaiting parsers...
2026-03-25T11:59:23: [EmailListener] Parsed 1 emails, closing connection
2026-03-25T11:59:24: [Orchestrator] Starting email orchestrator (interval: 300s)
2026-03-25T11:59:24: 
[Orchestrator] ═════════════════════════════════════════
2026-03-25T11:59:24: [Orchestrator] Starting cycle at 2026-03-25T10:59:24.911Z
2026-03-25T11:59:24: [Orchestrator] Step 1: Fetching unread emails...
2026-03-25T11:59:24: [EmailListener] Starting poll...
2026-03-25T11:59:26: [EmailListener] Found 1 unread emails
2026-03-25T11:59:26: [EmailListener] Fetch complete — awaiting parsers...
2026-03-25T11:59:26: [EmailListener] Parsed 1 emails, closing connection
2026-03-25T11:59:27: [Orchestrator] Starting email orchestrator (interval: 300s)
2026-03-25T11:59:27: 
[Orchestrator] ═════════════════════════════════════════
2026-03-25T11:59:27: [Orchestrator] Starting cycle at 2026-03-25T10:59:27.827Z
2026-03-25T11:59:27: [Orchestrator] Step 1: Fetching unread emails...
2026-03-25T11:59:27: [EmailListener] Starting poll...
2026-03-25T11:59:29: [EmailListener] Found 1 unread emails
2026-03-25T11:59:29: [EmailListener] Fetch complete — awaiting parsers...
2026-03-25T11:59:29: [EmailListener] Parsed 1 emails, closing connection
2026-03-25T11:59:30: [Orchestrator] Starting email orchestrator (interval: 300s)
2026-03-25T11:59:30: 
[Orchestrator] ═════════════════════════════════════════
2026-03-25T11:59:30: [Orchestrator] Starting cycle at 2026-03-25T10:59:30.773Z
2026-03-25T11:59:30: [Orchestrator] Step 1: Fetching unread emails...
2026-03-25T11:59:30: [EmailListener] Starting poll...
2026-03-25T11:59:32: [EmailListener] Found 1 unread emails
2026-03-25T11:59:32: [EmailListener] Fetch complete — awaiting parsers...
2026-03-25T11:59:32: [EmailListener] Parsed 1 emails, closing connection
2026-03-25T11:59:33: [Orchestrator] Starting email orchestrator (interval: 300s)
2026-03-25T11:59:33: 
[Orchestrator] ═════════════════════════════════════════
2026-03-25T11:59:33: [Orchestrator] Starting cycle at 2026-03-25T10:59:33.556Z
2026-03-25T11:59:33: [Orchestrator] Step 1: Fetching unread emails...
2026-03-25T11:59:33: [EmailListener] Starting poll...
2026-03-25T11:59:35: [EmailListener] Found 1 unread emails
2026-03-25T11:59:35: [EmailListener] Fetch complete — awaiting parsers...
2026-03-25T11:59:35: [EmailListener] Parsed 1 emails, closing connection
2026-03-25T11:59:36: [Orchestrator] Starting email orchestrator (interval: 300s)
2026-03-25T11:59:36: 
[Orchestrator] ═════════════════════════════════════════
2026-03-25T11:59:36: [Orchestrator] Starting cycle at 2026-03-25T10:59:36.552Z
2026-03-25T11:59:36: [Orchestrator] Step 1: Fetching unread emails...
2026-03-25T11:59:36: [EmailListener] Starting poll...
2026-03-25T11:59:38: [EmailListener] Found 1 unread emails
2026-03-25T11:59:38: [EmailListener] Fetch complete — awaiting parsers...
2026-03-25T11:59:38: [EmailListener] Parsed 1 emails, closing connection
2026-03-25T11:59:39: [Orchestrator] Starting email orchestrator (interval: 300s)
2026-03-25T11:59:39: 
[Orchestrator] ═════════════════════════════════════════
2026-03-25T11:59:39: [Orchestrator] Starting cycle at 2026-03-25T10:59:39.470Z
2026-03-25T11:59:39: [Orchestrator] Step 1: Fetching unread emails...
2026-03-25T11:59:39: [EmailListener] Starting poll...
2026-03-25T11:59:41: [EmailListener] Found 1 unread emails
2026-03-25T11:59:41: [EmailListener] Fetch complete — awaiting parsers...
2026-03-25T11:59:41: [EmailListener] Parsed 1 emails, closing connection
2026-03-25T11:59:42: [Orchestrator] Starting email orchestrator (interval: 300s)
2026-03-25T11:59:42: 
[Orchestrator] ═════════════════════════════════════════
2026-03-25T11:59:42: [Orchestrator] Starting cycle at 2026-03-25T10:59:42.758Z
2026-03-25T11:59:42: [Orchestrator] Step 1: Fetching unread emails...
2026-03-25T11:59:42: [EmailListener] Starting poll...
2026-03-25T11:59:44: [EmailListener] Found 1 unread emails
2026-03-25T11:59:44: [EmailListener] Fetch complete — awaiting parsers...
2026-03-25T11:59:44: [EmailListener] Parsed 1 emails, closing connection
2026-03-25T11:59:45: [Orchestrator] Starting email orchestrator (interval: 300s)
2026-03-25T11:59:45: 
[Orchestrator] ═════════════════════════════════════════
2026-03-25T11:59:45: [Orchestrator] Starting cycle at 2026-03-25T10:59:45.843Z
2026-03-25T11:59:45: [Orchestrator] Step 1: Fetching unread emails...
2026-03-25T11:59:45: [EmailListener] Starting poll...
2026-03-25T11:59:47: [EmailListener] Found 1 unread emails
2026-03-25T11:59:47: [EmailListener] Fetch complete — awaiting parsers...
2026-03-25T11:59:47: [EmailListener] Parsed 1 emails, closing connection
2026-03-25T11:59:48: [Orchestrator] Starting email orchestrator (interval: 300s)
2026-03-25T11:59:48: 
[Orchestrator] ═════════════════════════════════════════
2026-03-25T11:59:48: [Orchestrator] Starting cycle at 2026-03-25T10:59:48.749Z
2026-03-25T11:59:48: [Orchestrator] Step 1: Fetching unread emails...
2026-03-25T11:59:48: [EmailListener] Starting poll...
2026-03-25T11:59:50: [EmailListener] Found 1 unread emails
2026-03-25T11:59:50: [EmailListener] Fetch complete — awaiting parsers...
2026-03-25T11:59:50: [EmailListener] Parsed 1 emails, closing connection
2026-03-25T11:59:51: [Orchestrator] Starting email orchestrator (interval: 300s)
2026-03-25T11:59:51: 
[Orchestrator] ═════════════════════════════════════════
2026-03-25T11:59:51: [Orchestrator] Starting cycle at 2026-03-25T10:59:51.624Z
2026-03-25T11:59:51: [Orchestrator] Step 1: Fetching unread emails...
2026-03-25T11:59:51: [EmailListener] Starting poll...
2026-03-25T11:59:53: [EmailListener] Found 1 unread emails
2026-03-25T11:59:53: [EmailListener] Fetch complete — awaiting parsers...
2026-03-25T11:59:53: [EmailListener] Parsed 1 emails, closing connection
2026-03-25T11:59:54: [Orchestrator] Starting email orchestrator (interval: 300s)
2026-03-25T11:59:54: 
[Orchestrator] ═════════════════════════════════════════
2026-03-25T11:59:54: [Orchestrator] Starting cycle at 2026-03-25T10:59:54.396Z
2026-03-25T11:59:54: [Orchestrator] Step 1: Fetching unread emails...
2026-03-25T11:59:54: [EmailListener] Starting poll...
2026-03-25T11:59:55: [EmailListener] Found 1 unread emails
2026-03-25T11:59:56: [EmailListener] Fetch complete — awaiting parsers...
2026-03-25T11:59:56: [EmailListener] Parsed 1 emails, closing connection
2026-03-25T11:59:57: [Orchestrator] Starting email orchestrator (interval: 300s)
2026-03-25T11:59:57: 
[Orchestrator] ═════════════════════════════════════════
2026-03-25T11:59:57: [Orchestrator] Starting cycle at 2026-03-25T10:59:57.265Z
2026-03-25T11:59:57: [Orchestrator] Step 1: Fetching unread emails...
2026-03-25T11:59:57: [EmailListener] Starting poll...
2026-03-25T11:59:58: [EmailListener] Found 1 unread emails
2026-03-25T11:59:59: [EmailListener] Fetch complete — awaiting parsers...
2026-03-25T11:59:59: [EmailListener] Parsed 1 emails, closing connection
2026-03-25T12:00:00: [Orchestrator] Starting email orchestrator (interval: 300s)
2026-03-25T12:00:00: 
[Orchestrator] ═════════════════════════════════════════
2026-03-25T12:00:00: [Orchestrator] Starting cycle at 2026-03-25T11:00:00.233Z
2026-03-25T12:00:00: [Orchestrator] Step 1: Fetching unread emails...
2026-03-25T12:00:00: [EmailListener] Starting poll...
2026-03-25T12:00:01: [EmailListener] Found 1 unread emails
2026-03-25T12:00:02: [EmailListener] Fetch complete — awaiting parsers...
2026-03-25T12:00:02: [EmailListener] Parsed 1 emails, closing connection
2026-03-25T12:00:03: [Orchestrator] Starting email orchestrator (interval: 300s)
2026-03-25T12:00:03: 
[Orchestrator] ═════════════════════════════════════════
2026-03-25T12:00:03: [Orchestrator] Starting cycle at 2026-03-25T11:00:03.663Z
2026-03-25T12:00:03: [Orchestrator] Step 1: Fetching unread emails...
2026-03-25T12:00:03: [EmailListener] Starting poll...
2026-03-25T12:00:05: [EmailListener] Found 1 unread emails
2026-03-25T12:00:05: [EmailListener] Fetch complete — awaiting parsers...
2026-03-25T12:00:05: [EmailListener] Parsed 1 emails, closing connection
2026-03-25T12:00:06: [Orchestrator] Starting email orchestrator (interval: 300s)
2026-03-25T12:00:06: 
[Orchestrator] ═════════════════════════════════════════
2026-03-25T12:00:06: [Orchestrator] Starting cycle at 2026-03-25T11:00:06.630Z
2026-03-25T12:00:06: [Orchestrator] Step 1: Fetching unread emails...
2026-03-25T12:00:06: [EmailListener] Starting poll...
2026-03-25T12:00:08: [EmailListener] Found 1 unread emails
2026-03-25T12:00:08: [EmailListener] Fetch complete — awaiting parsers...
2026-03-25T12:00:08: [EmailListener] Parsed 1 emails, closing connection
2026-03-25T12:00:09: [Orchestrator] Starting email orchestrator (interval: 300s)
2026-03-25T12:00:09: 
[Orchestrator] ═════════════════════════════════════════
2026-03-25T12:00:09: [Orchestrator] Starting cycle at 2026-03-25T11:00:09.417Z
2026-03-25T12:00:09: [Orchestrator] Step 1: Fetching unread emails...
2026-03-25T12:00:09: [EmailListener] Starting poll...
2026-03-25T12:00:10: [EmailListener] Found 1 unread emails
2026-03-25T12:00:11: [EmailListener] Fetch complete — awaiting parsers...
2026-03-25T12:00:11: [EmailListener] Parsed 1 emails, closing connection
2026-03-25T12:00:12: [Orchestrator] Starting email orchestrator (interval: 300s)
2026-03-25T12:00:12: 
[Orchestrator] ═════════════════════════════════════════
2026-03-25T12:00:12: [Orchestrator] Starting cycle at 2026-03-25T11:00:12.420Z
2026-03-25T12:00:12: [Orchestrator] Step 1: Fetching unread emails...
2026-03-25T12:00:12: [EmailListener] Starting poll...
2026-03-25T12:00:14: [EmailListener] Found 1 unread emails
2026-03-25T12:00:14: [EmailListener] Fetch complete — awaiting parsers...
2026-03-25T12:00:14: [EmailListener] Parsed 1 emails, closing connection
2026-03-25T12:00:15: [Orchestrator] Starting email orchestrator (interval: 300s)
2026-03-25T12:00:15: 
[Orchestrator] ═════════════════════════════════════════
2026-03-25T12:00:15: [Orchestrator] Starting cycle at 2026-03-25T11:00:15.366Z
2026-03-25T12:00:15: [Orchestrator] Step 1: Fetching unread emails...
2026-03-25T12:00:15: [EmailListener] Starting poll...
2026-03-25T12:00:16: [EmailListener] Found 1 unread emails
2026-03-25T12:00:17: [EmailListener] Fetch complete — awaiting parsers...
2026-03-25T12:00:17: [EmailListener] Parsed 1 emails, closing connection
2026-03-25T12:00:18: [Orchestrator] Starting email orchestrator (interval: 300s)
2026-03-25T12:00:18: 
[Orchestrator] ═════════════════════════════════════════
2026-03-25T12:00:18: [Orchestrator] Starting cycle at 2026-03-25T11:00:18.310Z
2026-03-25T12:00:18: [Orchestrator] Step 1: Fetching unread emails...
2026-03-25T12:00:18: [EmailListener] Starting poll...
2026-03-25T12:00:19: [EmailListener] Found 1 unread emails
2026-03-25T12:00:20: [EmailListener] Fetch complete — awaiting parsers...
2026-03-25T12:00:20: [EmailListener] Parsed 1 emails, closing connection
2026-03-25T12:00:21: [Orchestrator] Starting email orchestrator (interval: 300s)
2026-03-25T12:00:21: 
[Orchestrator] ═════════════════════════════════════════
2026-03-25T12:00:21: [Orchestrator] Starting cycle at 2026-03-25T11:00:21.156Z
2026-03-25T12:00:21: [Orchestrator] Step 1: Fetching unread emails...
2026-03-25T12:00:21: [EmailListener] Starting poll...
2026-03-25T12:00:22: [EmailListener] Found 1 unread emails
2026-03-25T12:00:23: [EmailListener] Fetch complete — awaiting parsers...
2026-03-25T12:00:23: [EmailListener] Parsed 1 emails, closing connection
2026-03-25T12:00:23: [EmailListener] Email <DM6PR19MB35160829AB946B037451C317E849A@DM6PR19MB3516.namprd19.prod.outlook.com> already exists, skipping
2026-03-25T12:00:23: [EmailListener] Poll complete. Processed 1 emails.
2026-03-25T12:00:23: [Orchestrator] Step 2: Processing pending emails with AI...
2026-03-25T12:00:23: [EmailAI] Processing 1 pending emails...
2026-03-25T12:00:23: [EmailAI] Generating response for cmn5xjvn50000qugbec2whcuw...
2026-03-25T12:00:23: [EmailAI] Processing complete
2026-03-25T12:00:23: [Orchestrator] ✅ Cycle complete
2026-03-25T12:00:23: [Orchestrator] ═════════════════════════════════════════

2026-03-25T12:00:23: [Orchestrator] Running. Press Ctrl+C to stop.
2026-03-25T12:00:25: 
[Orchestrator] Received SIGINT, shutting down...
2026-03-25T12:00:25: [Orchestrator] Starting email orchestrator (interval: 300s)
2026-03-25T12:00:25: 
[Orchestrator] ═════════════════════════════════════════
2026-03-25T12:00:25: [Orchestrator] Starting cycle at 2026-03-25T11:00:25.773Z
2026-03-25T12:00:25: [Orchestrator] Step 1: Fetching unread emails...
2026-03-25T12:00:25: [EmailListener] Starting poll...
2026-03-25T12:00:27: [EmailListener] Found 1 unread emails
2026-03-25T12:00:27: [EmailListener] Fetch complete — awaiting parsers...
2026-03-25T12:00:27: [EmailListener] Parsed 1 emails, closing connection
2026-03-25T12:00:27: [EmailListener] Email <DM6PR19MB35160829AB946B037451C317E849A@DM6PR19MB3516.namprd19.prod.outlook.com> already exists, skipping
2026-03-25T12:00:27: [EmailListener] Poll complete. Processed 1 emails.
2026-03-25T12:00:27: [Orchestrator] Step 2: Processing pending emails with AI...
2026-03-25T12:00:27: [EmailAI] Processing 0 pending emails...
2026-03-25T12:00:27: [EmailAI] Processing complete
2026-03-25T12:00:27: [Orchestrator] ✅ Cycle complete
2026-03-25T12:00:27: [Orchestrator] ═════════════════════════════════════════

2026-03-25T12:00:27: [Orchestrator] Running. Press Ctrl+C to stop.
2026-03-25T12:02:09: 
[Orchestrator] Received SIGINT, shutting down...
2026-03-25T12:02:10: [Orchestrator] Starting email orchestrator (interval: 300s)
2026-03-25T12:02:10: 
[Orchestrator] ═════════════════════════════════════════
2026-03-25T12:02:10: [Orchestrator] Starting cycle at 2026-03-25T11:02:10.153Z
2026-03-25T12:02:10: [Orchestrator] Step 1: Fetching unread emails...
2026-03-25T12:02:10: [EmailListener] Starting poll...
2026-03-25T12:02:11: [EmailListener] Found 1 unread emails
2026-03-25T12:02:12: [EmailListener] Fetch complete — awaiting parsers...
2026-03-25T12:02:12: [EmailListener] Parsed 1 emails, closing connection
2026-03-25T12:02:12: [EmailListener] Email <DM6PR19MB35160829AB946B037451C317E849A@DM6PR19MB3516.namprd19.prod.outlook.com> already exists, skipping
2026-03-25T12:02:12: [EmailListener] Poll complete. Processed 1 emails.
2026-03-25T12:02:12: [Orchestrator] Step 2: Processing pending emails with AI...
2026-03-25T12:02:12: [EmailAI] Processing 1 pending emails...
2026-03-25T12:02:12: [EmailAI] Generating response for cmn5xjvn50000qugbec2whcuw...
2026-03-25T12:02:15: [EmailAI] Created draft for cmn5xjvn50000qugbec2whcuw
2026-03-25T12:02:15: [EmailAI] Processing complete
2026-03-25T12:02:15: [Orchestrator] ✅ Cycle complete
2026-03-25T12:02:15: [Orchestrator] ═════════════════════════════════════════

2026-03-25T12:02:15: [Orchestrator] Running. Press Ctrl+C to stop.
